Initializing cgroup subsys cpuset
Initializing cgroup subsys cpu
Linux version 3.2.79 (siqi@siqi-OptiPlex-990) (gcc version 4.6.3 (Ubuntu/Linaro 4.6.3-1ubuntu5) ) #5 SMP Mon May 23 03:34:29 SGT 2016 (Ubuntu 3.2.0-84.121-generic 3.2.68)
KERNEL supported cpus:
  Intel GenuineIntel
  AMD AuthenticAMD
  NSC Geode by NSC
  Cyrix CyrixInstead
  Centaur CentaurHauls
  Transmeta GenuineTMx86
  Transmeta TransmetaCPU
  UMC UMC UMC UMC
BIOS-provided physical RAM map:
 BIOS-e820: 0000000000000000 - 0000000000091800 (usable)
 BIOS-e820: 0000000000091800 - 00000000000a0000 (reserved)
 BIOS-e820: 00000000000e0000 - 0000000000100000 (reserved)
 BIOS-e820: 0000000000100000 - 0000000020000000 (usable)
 BIOS-e820: 0000000020000000 - 0000000020200000 (reserved)
 BIOS-e820: 0000000020200000 - 0000000040000000 (usable)
 BIOS-e820: 0000000040000000 - 0000000040200000 (reserved)
 BIOS-e820: 0000000040200000 - 00000000ca9fe000 (usable)
 BIOS-e820: 00000000ca9fe000 - 00000000caa42000 (reserved)
 BIOS-e820: 00000000caa42000 - 00000000cadb7000 (usable)
 BIOS-e820: 00000000cadb7000 - 00000000cade7000 (reserved)
 BIOS-e820: 00000000cade7000 - 00000000cafe7000 (ACPI NVS)
 BIOS-e820: 00000000cafe7000 - 00000000cafff000 (ACPI data)
 BIOS-e820: 00000000cafff000 - 00000000cb000000 (usable)
 BIOS-e820: 00000000cb800000 - 00000000cfa00000 (reserved)
 BIOS-e820: 00000000fed1c000 - 00000000fed20000 (reserved)
 BIOS-e820: 00000000ffc00000 - 00000000ffc20000 (reserved)
 BIOS-e820: 0000000100000000 - 000000012e000000 (usable)
Notice: NX (Execute Disable) protection cannot be enabled in hardware: non-PAE kernel!
NX (Execute Disable) protection: approximated by x86 segment limits
SMBIOS 2.6 present.
DMI: Dell Inc. OptiPlex 990/06D7TR, BIOS A06 07/25/2011
e820 update range: 0000000000000000 - 0000000000010000 (usable) ==> (reserved)
e820 remove range: 00000000000a0000 - 0000000000100000 (usable)
last_pfn = 0xcb000 max_arch_pfn = 0x100000
MTRR default type: uncachable
MTRR fixed ranges enabled:
  00000-9FFFF write-back
  A0000-BFFFF uncachable
  C0000-FFFFF write-protect
MTRR variable ranges enabled:
  0 base 000000000 mask F80000000 write-back
  1 base 080000000 mask FC0000000 write-back
  2 base 0C0000000 mask FF8000000 write-back
  3 base 0C8000000 mask FFC000000 write-back
  4 base 0CB000000 mask FFF000000 uncachable
  5 base 100000000 mask FE0000000 write-back
  6 base 120000000 mask FF0000000 write-back
  7 base 12E000000 mask FFE000000 uncachable
  8 disabled
  9 disabled
x86 PAT enabled: cpu 0, old 0x7040600070406, new 0x7010600070106
original variable MTRRs
reg 0, base: 0GB, range: 2GB, type WB
reg 1, base: 2GB, range: 1GB, type WB
reg 2, base: 3GB, range: 128MB, type WB
reg 3, base: 3200MB, range: 64MB, type WB
reg 4, base: 3248MB, range: 16MB, type UC
reg 5, base: 4GB, range: 512MB, type WB
reg 6, base: 4608MB, range: 256MB, type WB
reg 7, base: 4832MB, range: 32MB, type UC
total RAM covered: 3984M
Found optimal setting for mtrr clean up
 gran_size: 64K 	chunk_size: 64M 	num_reg: 8  	lose cover RAM: 0G
New variable MTRRs
reg 0, base: 0GB, range: 2GB, type WB
reg 1, base: 2GB, range: 1GB, type WB
reg 2, base: 3GB, range: 128MB, type WB
reg 3, base: 3200MB, range: 64MB, type WB
reg 4, base: 3248MB, range: 16MB, type UC
reg 5, base: 4GB, range: 512MB, type WB
reg 6, base: 4608MB, range: 256MB, type WB
reg 7, base: 4832MB, range: 32MB, type UC
e820 update range: 00000000cb000000 - 0000000100000000 (usable) ==> (reserved)
found SMP MP-table at [c00f1f70] f1f70
initial memory mapped : 0 - 01c00000
Base memory trampoline at [c008d000] 8d000 size 16384
reserving inaccessible SNB gfx pages
init_memory_mapping: 0000000000000000-00000000377fe000
 0000000000 - 0000400000 page 4k
 0000400000 - 0037400000 page 2M
 0037400000 - 00377fe000 page 4k
kernel direct mapping tables up to 377fe000 @ 1bf8000-1c00000
RAMDISK: 2a5e4000 - 312ea000
ACPI: RSDP 0x00000000000FE300 00024 (v02 DELL  )
ACPI: XSDT 0x00000000CAFFDE18 00074 (v01 DELL   CBX3     06222004 MSFT 00010013)
ACPI: FACP 0x00000000CAF87D98 000F4 (v04 DELL   CBX3     06222004 MSFT 00010013)
ACPI Warning: 32/64 FACS address mismatch in FADT - two FACS tables! (20110623/tbfadt-365)
ACPI Warning: 32/64X FACS address mismatch in FADT - 0xCAFE4E40/0x00000000CAFE4D40, using 32 (20110623/tbfadt-489)
ACPI: DSDT 0x00000000CAF72018 07341 (v02 INT430 SYSFexxx 00001001 INTL 20090903)
ACPI: FACS 0x00000000CAFE4E40 00040
ACPI: APIC 0x00000000CAFFCF18 000CC (v02 DELL   CBX3     06222004 MSFT 00010013)
ACPI: TCPA 0x00000000CAFE5D18 00032 (v02                 00000000      00000000)
ACPI: SSDT 0x00000000CAF88A98 002F9 (v01 DELLTP TPM      00003000 INTL 20090903)
ACPI: MCFG 0x00000000CAFE5C98 0003C (v01 DELL   SNDYBRDG 06222004 MSFT 00000097)
ACPI: HPET 0x00000000CAFE5C18 00038 (v01 A M I   PCHHPET 06222004 AMI. 00000003)
ACPI: BOOT 0x00000000CAFE5B98 00028 (v01 DELL   CBX3     06222004 AMI  00010013)
ACPI: SSDT 0x00000000CAF7E018 00996 (v01 PmRef  CpuPm    00003000 INTL 20090903)
ACPI: DMAR 0x00000000CAF87C18 000E8 (v01 INTEL  SNB      00000001 INTL 00000001)
ACPI: SLIC 0x00000000CAF86C18 00176 (v03 DELL   CBX3     06222004 MSFT 00010013)
ACPI: Local APIC address 0xfee00000
2360MB HIGHMEM available.
887MB LOWMEM available.
  mapped low ram: 0 - 377fe000
  low ram: 0 - 377fe000
Zone PFN ranges:
  DMA      0x00000010 -> 0x00001000
  Normal   0x00001000 -> 0x000377fe
  HighMem  0x000377fe -> 0x000cb000
Movable zone start PFN for each node
early_node_map[6] active PFN ranges
    0: 0x00000010 -> 0x00000091
    0: 0x00000100 -> 0x00020000
    0: 0x00020200 -> 0x00040000
    0: 0x00040200 -> 0x000ca9fe
    0: 0x000caa42 -> 0x000cadb7
    0: 0x000cafff -> 0x000cb000
On node 0 totalpages: 829685
free_area_init_node: node 0, pgdat c1810200, node_mem_map f5e9d200
  DMA zone: 32 pages used for memmap
  DMA zone: 0 pages reserved
  DMA zone: 3937 pages, LIFO batch:0
  Normal zone: 1744 pages used for memmap
  Normal zone: 220974 pages, LIFO batch:31
  HighMem zone: 4721 pages used for memmap
  HighMem zone: 598277 pages, LIFO batch:31
Using APIC driver default
ACPI: PM-Timer IO Port: 0x408
ACPI: Local APIC address 0xfee00000
ACPI: LAPIC (acpi_id[0x01] lapic_id[0x00] enabled)
ACPI: LAPIC (acpi_id[0x02] lapic_id[0x02] enabled)
ACPI: LAPIC (acpi_id[0x03] lapic_id[0x04] enabled)
ACPI: LAPIC (acpi_id[0x04] lapic_id[0x06] enabled)
ACPI: LAPIC (acpi_id[0x05] lapic_id[0x04] disabled)
ACPI: LAPIC (acpi_id[0x06] lapic_id[0x05] disabled)
ACPI: LAPIC (acpi_id[0x07] lapic_id[0x06] disabled)
ACPI: LAPIC (acpi_id[0x08] lapic_id[0x07] disabled)
ACPI: LAPIC (acpi_id[0x09] lapic_id[0x08] disabled)
ACPI: LAPIC (acpi_id[0x0a] lapic_id[0x09] disabled)
ACPI: LAPIC (acpi_id[0x0b] lapic_id[0x0a] disabled)
ACPI: LAPIC (acpi_id[0x0c] lapic_id[0x0b] disabled)
ACPI: LAPIC (acpi_id[0x0d] lapic_id[0x0c] disabled)
ACPI: LAPIC (acpi_id[0x0e] lapic_id[0x0d] disabled)
ACPI: LAPIC (acpi_id[0x0f] lapic_id[0x0e] disabled)
ACPI: LAPIC (acpi_id[0x10] lapic_id[0x0f] disabled)
ACPI: IOAPIC (id[0x02] address[0xfec00000] gsi_base[0])
IOAPIC[0]: apic_id 2, version 32, address 0xfec00000, GSI 0-23
ACPI: INT_SRC_OVR (bus 0 bus_irq 0 global_irq 2 dfl dfl)
ACPI: INT_SRC_OVR (bus 0 bus_irq 9 global_irq 9 high level)
ACPI: IRQ0 used by override.
ACPI: IRQ2 used by override.
ACPI: IRQ9 used by override.
Using ACPI (MADT) for SMP configuration information
ACPI: HPET id: 0x8086a701 base: 0xfed00000
16 Processors exceeds NR_CPUS limit of 8
SMP: Allowing 8 CPUs, 4 hotplug CPUs
nr_irqs_gsi: 40
PM: Registered nosave memory: 0000000000091000 - 0000000000092000
PM: Registered nosave memory: 0000000000092000 - 00000000000a0000
PM: Registered nosave memory: 00000000000a0000 - 00000000000e0000
PM: Registered nosave memory: 00000000000e0000 - 0000000000100000
PM: Registered nosave memory: 0000000020000000 - 0000000020200000
Allocating PCI resources starting at cfa00000 (gap: cfa00000:2f31c000)
Booting paravirtualized kernel on bare hardware
setup_percpu: NR_CPUS:8 nr_cpumask_bits:8 nr_cpu_ids:8 nr_node_ids:1
PERCPU: Embedded 13 pages/cpu @f5e23000 s31680 r0 d21568 u53248
pcpu-alloc: s31680 r0 d21568 u53248 alloc=13*4096
pcpu-alloc: [0] 0 [0] 1 [0] 2 [0] 3 [0] 4 [0] 5 [0] 6 [0] 7 
Built 1 zonelists in Zone order, mobility grouping on.  Total pages: 823188
Kernel command line: BOOT_IMAGE=/boot/vmlinuz-3.2.79 root=UUID=a1834fb5-1798-4c26-9a4c-5fd94c489136 ro quiet splash vt.handoff=7
PID hash table entries: 4096 (order: 2, 16384 bytes)
Dentry cache hash table entries: 131072 (order: 7, 524288 bytes)
Inode-cache hash table entries: 65536 (order: 6, 262144 bytes)
Initializing CPU#0
xsave/xrstor: enabled xstate_bv 0x7, cntxt size 0x340
allocated 13303552 bytes of page_cgroup
please try 'cgroup_disable=memory' option if you don't want memory cgroups
Initializing HighMem for node 0 (000377fe:000cb000)
Memory: 3156392k/3325952k available (5593k kernel code, 162348k reserved, 2713k data, 716k init, 2411992k highmem)
virtual kernel memory layout:
    fixmap  : 0xfff16000 - 0xfffff000   ( 932 kB)
    pkmap   : 0xff800000 - 0xffc00000   (4096 kB)
    vmalloc : 0xf7ffe000 - 0xff7fe000   ( 120 MB)
    lowmem  : 0xc0000000 - 0xf77fe000   ( 887 MB)
      .init : 0xc181d000 - 0xc18d0000   ( 716 kB)
      .data : 0xc1576404 - 0xc181c940   (2713 kB)
      .text : 0xc1000000 - 0xc1576404   (5593 kB)
Checking if this processor honours the WP bit even in supervisor mode...Ok.
SLUB: Genslabs=15, HWalign=64, Order=0-3, MinObjects=0, CPUs=8, Nodes=1
Hierarchical RCU implementation.
	RCU dyntick-idle grace-period acceleration is enabled.
NR_IRQS:2304 nr_irqs:744 16
CPU 0 irqstacks, hard=f4c0a000 soft=f4c0c000
Extended CMOS year: 2000
vt handoff: transparent VT on vt#7
Console: colour dummy device 80x25
console [tty0] enabled
hpet clockevent registered
Fast TSC calibration using PIT
Detected 3392.433 MHz processor.
Calibrating delay loop (skipped), value calculated using timer frequency.. 6784.86 BogoMIPS (lpj=13569732)
pid_max: default: 32768 minimum: 301
Security Framework initialized
AppArmor: AppArmor initialized
Yama: becoming mindful.
Mount-cache hash table entries: 512
Initializing cgroup subsys cpuacct
Initializing cgroup subsys memory
Initializing cgroup subsys devices
Initializing cgroup subsys freezer
Initializing cgroup subsys blkio
Initializing cgroup subsys perf_event
CPU: Physical Processor ID: 0
CPU: Processor Core ID: 0
ENERGY_PERF_BIAS: Set to 'normal', was 'performance'
ENERGY_PERF_BIAS: View and update with x86_energy_perf_policy(8)
mce: CPU supports 9 MCE banks
CPU0: Thermal monitoring enabled (TM1)
using mwait in idle threads.
ACPI: Core revision 20110623
ftrace: allocating 22987 entries in 45 pages
Enabling APIC mode:  Flat.  Using 1 I/O APICs
..TIMER: vector=0x30 apic1=0 pin1=2 apic2=-1 pin2=-1
CPU0: Intel(R) Core(TM) i7-2600 CPU @ 3.40GHz stepping 07
Performance Events: PEBS fmt1+, SandyBridge events, Intel PMU driver.
PEBS disabled due to CPU errata.
... version:                3
... bit width:              48
... generic registers:      8
... value mask:             0000ffffffffffff
... max period:             000000007fffffff
... fixed-purpose events:   3
... event mask:             00000007000000ff
NMI watchdog enabled, takes one hw-pmu counter.
CPU 1 irqstacks, hard=f4d58000 soft=f4d5a000
Booting Node   0, Processors  #1
smpboot cpu 1: start_ip = 8d000
Initializing CPU#1
NMI watchdog enabled, takes one hw-pmu counter.
CPU 2 irqstacks, hard=f4d66000 soft=f4d68000
 #2
smpboot cpu 2: start_ip = 8d000
Initializing CPU#2
NMI watchdog enabled, takes one hw-pmu counter.
CPU 3 irqstacks, hard=f4d7c000 soft=f4d7e000
 #3
smpboot cpu 3: start_ip = 8d000
Initializing CPU#3
NMI watchdog enabled, takes one hw-pmu counter.
Brought up 4 CPUs
Total of 4 processors activated (27137.66 BogoMIPS).
devtmpfs: initialized
EVM: security.selinux
EVM: security.SMACK64
EVM: security.capability
PM: Registering ACPI NVS region at cade7000 (2097152 bytes)
Dell OptiPlex 990 series board detected. Selecting PCI-method for reboots.
print_constraints: dummy: 
RTC time: 19:15:47, date: 05/24/16
NET: Registered protocol family 16
Trying to unpack rootfs image as initramfs...
EISA bus registered
ACPI FADT declares the system doesn't support PCIe ASPM, so disable it
ACPI: bus type pci registered
PCI: MMCONFIG for domain 0000 [bus 00-3f] at [mem 0xf8000000-0xfbffffff] (base 0xf8000000)
PCI: not using MMCONFIG
PCI: PCI BIOS revision 2.10 entry at 0xfce72, last bus=3
PCI: Using configuration type 1 for base access
dmi type 0xB1 record - unknown flag
bio: create slab <bio-0> at 0
ACPI: Added _OSI(Module Device)
ACPI: Added _OSI(Processor Device)
ACPI: Added _OSI(3.0 _SCP Extensions)
ACPI: Added _OSI(Processor Aggregator Device)
ACPI: EC: Look up EC in DSDT
[Firmware Bug]: ACPI: BIOS _OSI(Linux) query ignored
ACPI: SSDT 0x00000000CADD7798 00727 (v01 PmRef  Cpu0Cst  00003001 INTL 20090903)
ACPI: Dynamic OEM Table Load:
ACPI: SSDT 0x0000000000000000 00727 (v01 PmRef  Cpu0Cst  00003001 INTL 20090903)
ACPI: SSDT 0x00000000CADD6D98 00119 (v01 PmRef  ApCst    00003000 INTL 20090903)
ACPI: Dynamic OEM Table Load:
ACPI: SSDT 0x0000000000000000 00119 (v01 PmRef  ApCst    00003000 INTL 20090903)
ACPI: Interpreter enabled
ACPI: (supports S0 S3 S4 S5)
ACPI: Using IOAPIC for interrupt routing
PCI: MMCONFIG for domain 0000 [bus 00-3f] at [mem 0xf8000000-0xfbffffff] (base 0xf8000000)
PCI: MMCONFIG at [mem 0xf8000000-0xfbffffff] reserved in ACPI motherboard resources
PCI: Using MMCONFIG for extended config space
ACPI: No dock devices found.
HEST: Table not found.
PCI: Using host bridge windows from ACPI; if necessary, use "pci=nocrs" and report a bug
\_SB_.PCI0:_OSC invalid UUID
_OSC request data:1 8 0 
ACPI: PCI Root Bridge [PCI0] (domain 0000 [bus 00-3e])
pci_root PNP0A08:00: host bridge window [io  0x0000-0x0cf7]
pci_root PNP0A08:00: host bridge window [io  0x0d00-0xffff]
pci_root PNP0A08:00: host bridge window [mem 0x000a0000-0x000bffff]
pci_root PNP0A08:00: host bridge window [mem 0xcfa00000-0xfeafffff]
pci_root PNP0A08:00: host bridge window [mem 0xfed40000-0xfed44fff]
pci 0000:00:00.0: [8086:0100] type 0 class 0x000600
pci 0000:00:02.0: [8086:0102] type 0 class 0x000300
pci 0000:00:02.0: reg 10: [mem 0xe0c00000-0xe0ffffff 64bit]
pci 0000:00:02.0: reg 18: [mem 0xd0000000-0xdfffffff 64bit pref]
pci 0000:00:02.0: reg 20: [io  0x3000-0x303f]
pci 0000:00:16.0: [8086:1c3a] type 0 class 0x000780
pci 0000:00:16.0: reg 10: [mem 0xe1ab0000-0xe1ab000f 64bit]
pci 0000:00:16.0: PME# supported from D0 D3hot D3cold
pci 0000:00:16.0: PME# disabled
pci 0000:00:16.3: [8086:1c3d] type 0 class 0x000700
pci 0000:00:16.3: reg 10: [io  0x30e0-0x30e7]
pci 0000:00:16.3: reg 14: [mem 0xe1a90000-0xe1a90fff]
pci 0000:00:19.0: [8086:1502] type 0 class 0x000200
pci 0000:00:19.0: reg 10: [mem 0xe1a00000-0xe1a1ffff]
pci 0000:00:19.0: reg 14: [mem 0xe1a80000-0xe1a80fff]
pci 0000:00:19.0: reg 18: [io  0x3080-0x309f]
pci 0000:00:19.0: PME# supported from D0 D3hot D3cold
pci 0000:00:19.0: PME# disabled
pci 0000:00:1a.0: [8086:1c2d] type 0 class 0x000c03
pci 0000:00:1a.0: reg 10: [mem 0xe1a70000-0xe1a703ff]
pci 0000:00:1a.0: PME# supported from D0 D3hot D3cold
pci 0000:00:1a.0: PME# disabled
pci 0000:00:1b.0: [8086:1c20] type 0 class 0x000403
pci 0000:00:1b.0: reg 10: [mem 0xe1a60000-0xe1a63fff 64bit]
pci 0000:00:1b.0: PME# supported from D0 D3hot D3cold
pci 0000:00:1b.0: PME# disabled
pci 0000:00:1c.0: [8086:1c10] type 1 class 0x000604
pci 0000:00:1c.0: PME# supported from D0 D3hot D3cold
pci 0000:00:1c.0: PME# disabled
pci 0000:00:1c.2: [8086:1c14] type 1 class 0x000604
pci 0000:00:1c.2: PME# supported from D0 D3hot D3cold
pci 0000:00:1c.2: PME# disabled
pci 0000:00:1d.0: [8086:1c26] type 0 class 0x000c03
pci 0000:00:1d.0: reg 10: [mem 0xe1a50000-0xe1a503ff]
pci 0000:00:1d.0: PME# supported from D0 D3hot D3cold
pci 0000:00:1d.0: PME# disabled
pci 0000:00:1e.0: [8086:244e] type 1 class 0x000604
pci 0000:00:1f.0: [8086:1c4e] type 0 class 0x000601
pci 0000:00:1f.2: [8086:2822] type 0 class 0x000104
pci 0000:00:1f.2: reg 10: [io  0x30d0-0x30d7]
pci 0000:00:1f.2: reg 14: [io  0x30c0-0x30c3]
pci 0000:00:1f.2: reg 18: [io  0x30b0-0x30b7]
pci 0000:00:1f.2: reg 1c: [io  0x30a0-0x30a3]
pci 0000:00:1f.2: reg 20: [io  0x3060-0x307f]
pci 0000:00:1f.2: reg 24: [mem 0xe1a40000-0xe1a407ff]
pci 0000:00:1f.2: PME# supported from D3hot
pci 0000:00:1f.2: PME# disabled
pci 0000:00:1f.3: [8086:1c22] type 0 class 0x000c05
pci 0000:00:1f.3: reg 10: [mem 0xe1a30000-0xe1a300ff 64bit]
pci 0000:00:1f.3: reg 20: [io  0x3040-0x305f]
pci 0000:00:1c.0: PCI bridge to [bus 01-01]
pci 0000:00:1c.2: PCI bridge to [bus 02-02]
pci 0000:00:1c.2:   bridge window [io  0x2000-0x2fff]
pci 0000:00:1c.2:   bridge window [mem 0xe1000000-0xe19fffff]
pci 0000:00:1c.2:   bridge window [mem 0xe0000000-0xe09fffff 64bit pref]
pci 0000:00:1e.0: PCI bridge to [bus 03-03] (subtractive decode)
pci 0000:00:1e.0:   bridge window [io  0x0000-0x0cf7] (subtractive decode)
pci 0000:00:1e.0:   bridge window [io  0x0d00-0xffff] (subtractive decode)
pci 0000:00:1e.0:   bridge window [mem 0x000a0000-0x000bffff] (subtractive decode)
pci 0000:00:1e.0:   bridge window [mem 0xcfa00000-0xfeafffff] (subtractive decode)
pci 0000:00:1e.0:   bridge window [mem 0xfed40000-0xfed44fff] (subtractive decode)
pci_bus 0000:00: on NUMA node 0
ACPI: PCI Interrupt Routing Table [\_SB_.PCI0._PRT]
ACPI: PCI Interrupt Routing Table [\_SB_.PCI0.RP01._PRT]
ACPI: PCI Interrupt Routing Table [\_SB_.PCI0.RP03._PRT]
ACPI: PCI Interrupt Routing Table [\_SB_.PCI0.P0P1._PRT]
\_SB_.PCI0:_OSC invalid UUID
_OSC request data:1 1f 0 
 pci0000:00: Requesting ACPI _OSC control (0x1d)
\_SB_.PCI0:_OSC invalid UUID
_OSC request data:1 0 1d 
 pci0000:00: ACPI _OSC request failed (AE_ERROR), returned control mask: 0x1d
ACPI _OSC control for PCIe not granted, disabling ASPM
ACPI: PCI Interrupt Link [LNKA] (IRQs 1 3 4 5 6 7 10 12 14 15) *11
ACPI: PCI Interrupt Link [LNKB] (IRQs 1 3 4 5 6 7 11 12 14 15) *10
ACPI: PCI Interrupt Link [LNKC] (IRQs 1 3 4 5 6 7 10 12 14 15) *11
ACPI: PCI Interrupt Link [LNKD] (IRQs 1 3 4 5 6 7 11 12 14 15) *0, disabled.
ACPI: PCI Interrupt Link [LNKE] (IRQs 1 3 4 *5 6 7 10 12 14 15)
ACPI: PCI Interrupt Link [LNKF] (IRQs 1 3 4 5 6 7 11 12 14 15) *0, disabled.
ACPI: PCI Interrupt Link [LNKG] (IRQs 1 *3 4 5 6 7 10 12 14 15)
ACPI: PCI Interrupt Link [LNKH] (IRQs 1 3 4 5 6 7 11 12 14 15) *0, disabled.
vgaarb: device added: PCI:0000:00:02.0,decodes=io+mem,owns=io+mem,locks=none
vgaarb: loaded
vgaarb: bridge control possible 0000:00:02.0
i2c-core: driver [aat2870] using legacy suspend method
i2c-core: driver [aat2870] using legacy resume method
SCSI subsystem initialized
libata version 3.00 loaded.
usbcore: registered new interface driver usbfs
usbcore: registered new interface driver hub
usbcore: registered new device driver usb
PCI: Using ACPI for IRQ routing
PCI: pci_cache_line_size set to 64 bytes
reserve RAM buffer: 0000000000091800 - 000000000009ffff 
reserve RAM buffer: 00000000ca9fe000 - 00000000cbffffff 
reserve RAM buffer: 00000000cadb7000 - 00000000cbffffff 
reserve RAM buffer: 00000000cb000000 - 00000000cbffffff 
NetLabel: Initializing
NetLabel:  domain hash size = 128
NetLabel:  protocols = UNLABELED CIPSOv4
NetLabel:  unlabeled traffic allowed by default
hpet0: at MMIO 0xfed00000, IRQs 2, 8, 0, 0, 0, 0, 0, 0
hpet0: 8 comparators, 64-bit 14.318180 MHz counter
Switching to clocksource hpet
AppArmor: AppArmor Filesystem Enabled
pnp: PnP ACPI init
ACPI: bus type pnp registered
pnp 00:00: [bus 00-3e]
pnp 00:00: [io  0x0000-0x0cf7 window]
pnp 00:00: [io  0x0cf8-0x0cff]
pnp 00:00: [io  0x0d00-0xffff window]
pnp 00:00: [mem 0x000a0000-0x000bffff window]
pnp 00:00: [mem 0x000c0000-0x000c3fff window]
pnp 00:00: [mem 0x000c4000-0x000c7fff window]
pnp 00:00: [mem 0x000c8000-0x000cbfff window]
pnp 00:00: [mem 0x000cc000-0x000cffff window]
pnp 00:00: [mem 0x000d0000-0x000d3fff window]
pnp 00:00: [mem 0x000d4000-0x000d7fff window]
pnp 00:00: [mem 0x000d8000-0x000dbfff window]
pnp 00:00: [mem 0x000dc000-0x000dffff window]
pnp 00:00: [mem 0x000e0000-0x000e3fff window]
pnp 00:00: [mem 0x000e4000-0x000e7fff window]
pnp 00:00: [mem 0x000e8000-0x000ebfff window]
pnp 00:00: [mem 0x000ec000-0x000effff window]
pnp 00:00: [mem 0x000f0000-0x000fffff window]
pnp 00:00: [mem 0xcfa00000-0xfeafffff window]
pnp 00:00: [mem 0xfed40000-0xfed44fff window]
pnp 00:00: Plug and Play ACPI device, IDs PNP0a08 PNP0a03 (active)
pnp 00:01: [io  0x0000-0x001f]
pnp 00:01: [io  0x0081-0x0091]
pnp 00:01: [io  0x0093-0x009f]
pnp 00:01: [io  0x00c0-0x00df]
pnp 00:01: [dma 4]
pnp 00:01: Plug and Play ACPI device, IDs PNP0200 (active)
pnp 00:02: [mem 0xff000000-0xffffffff]
pnp 00:02: Plug and Play ACPI device, IDs INT0800 (active)
pnp 00:03: [mem 0xfed00000-0xfed003ff]
pnp 00:03: Plug and Play ACPI device, IDs PNP0103 (active)
pnp 00:04: [io  0x00f0]
pnp 00:04: [irq 13]
pnp 00:04: Plug and Play ACPI device, IDs PNP0c04 (active)
pnp 00:05: [io  0x002e-0x002f]
pnp 00:05: [io  0x004e-0x004f]
pnp 00:05: [io  0x0061]
pnp 00:05: [io  0x0063]
pnp 00:05: [io  0x0065]
pnp 00:05: [io  0x0067]
pnp 00:05: [io  0x0070]
pnp 00:05: [io  0x0080]
pnp 00:05: [io  0x0092]
pnp 00:05: [io  0x00b2-0x00b3]
pnp 00:05: [io  0x0680-0x069f]
pnp 00:05: [io  0xffff]
pnp 00:05: [io  0xffff]
pnp 00:05: [io  0xffff]
pnp 00:05: [io  0x0400-0x0453]
pnp 00:05: [io  0x0458-0x047f]
pnp 00:05: [io  0x0500-0x057f]
pnp 00:05: [io  0x164e-0x164f]
system 00:05: [io  0x0680-0x069f] has been reserved
system 00:05: [io  0xffff] has been reserved
system 00:05: [io  0xffff] has been reserved
system 00:05: [io  0xffff] has been reserved
system 00:05: [io  0x0400-0x0453] could not be reserved
system 00:05: [io  0x0458-0x047f] has been reserved
system 00:05: [io  0x0500-0x057f] has been reserved
system 00:05: [io  0x164e-0x164f] has been reserved
system 00:05: Plug and Play ACPI device, IDs PNP0c02 (active)
pnp 00:06: [io  0x0070-0x0077]
pnp 00:06: [irq 8]
pnp 00:06: Plug and Play ACPI device, IDs PNP0b00 (active)
pnp 00:07: [io  0x0454-0x0457]
system 00:07: [io  0x0454-0x0457] has been reserved
system 00:07: Plug and Play ACPI device, IDs INT3f0d PNP0c02 (active)
pnp 00:08: [io  0x0060]
pnp 00:08: [io  0x0064]
pnp 00:08: [irq 1]
pnp 00:08: Plug and Play ACPI device, IDs PNP0303 (active)
pnp 00:09: [io  0x03f8-0x03ff]
pnp 00:09: [irq 4]
pnp 00:09: Plug and Play ACPI device, IDs PNP0501 (active)
pnp 00:0a: [mem 0xfed40000-0xfed44fff]
pnp 00:0a: Plug and Play ACPI device, IDs PNP0c31 (active)
pnp 00:0b: [mem 0xfed1c000-0xfed1ffff]
pnp 00:0b: [mem 0xfed10000-0xfed17fff]
pnp 00:0b: [mem 0xfed18000-0xfed18fff]
pnp 00:0b: [mem 0xfed19000-0xfed19fff]
pnp 00:0b: [mem 0xf8000000-0xfbffffff]
pnp 00:0b: [mem 0xfed20000-0xfed3ffff]
pnp 00:0b: [mem 0xfed90000-0xfed93fff]
pnp 00:0b: [mem 0xfed45000-0xfed8ffff]
pnp 00:0b: [mem 0xff000000-0xffffffff]
pnp 00:0b: [mem 0xfee00000-0xfeefffff]
pnp 00:0b: [mem 0x00000000-0xffffffff disabled]
pnp 00:0b: [mem 0x00000000-0xffffffff disabled]
system 00:0b: [mem 0xfed1c000-0xfed1ffff] has been reserved
system 00:0b: [mem 0xfed10000-0xfed17fff] has been reserved
system 00:0b: [mem 0xfed18000-0xfed18fff] has been reserved
system 00:0b: [mem 0xfed19000-0xfed19fff] has been reserved
system 00:0b: [mem 0xf8000000-0xfbffffff] has been reserved
system 00:0b: [mem 0xfed20000-0xfed3ffff] has been reserved
system 00:0b: [mem 0xfed90000-0xfed93fff] has been reserved
system 00:0b: [mem 0xfed45000-0xfed8ffff] has been reserved
system 00:0b: [mem 0xff000000-0xffffffff] could not be reserved
system 00:0b: [mem 0xfee00000-0xfeefffff] has been reserved
system 00:0b: Plug and Play ACPI device, IDs PNP0c02 (active)
pnp 00:0c: [mem 0x20000000-0x201fffff]
pnp 00:0c: [mem 0x40000000-0x401fffff]
system 00:0c: [mem 0x20000000-0x201fffff] has been reserved
system 00:0c: [mem 0x40000000-0x401fffff] has been reserved
system 00:0c: Plug and Play ACPI device, IDs PNP0c01 (active)
pnp: PnP ACPI: found 13 devices
ACPI: ACPI bus type pnp unregistered
PnPBIOS: Disabled by ACPI PNP
PCI: max bus depth: 1 pci_try_num: 2
pci 0000:00:1c.0: PCI bridge to [bus 01-01]
pci 0000:00:1c.2: PCI bridge to [bus 02-02]
pci 0000:00:1c.2:   bridge window [io  0x2000-0x2fff]
pci 0000:00:1c.2:   bridge window [mem 0xe1000000-0xe19fffff]
pci 0000:00:1c.2:   bridge window [mem 0xe0000000-0xe09fffff 64bit pref]
pci 0000:00:1e.0: PCI bridge to [bus 03-03]
pci 0000:00:1c.0: PCI INT A -> GSI 16 (level, low) -> IRQ 16
pci 0000:00:1c.0: setting latency timer to 64
pci 0000:00:1c.2: PCI INT C -> GSI 18 (level, low) -> IRQ 18
pci 0000:00:1c.2: setting latency timer to 64
pci 0000:00:1e.0: setting latency timer to 64
pci_bus 0000:00: resource 4 [io  0x0000-0x0cf7]
pci_bus 0000:00: resource 5 [io  0x0d00-0xffff]
pci_bus 0000:00: resource 6 [mem 0x000a0000-0x000bffff]
pci_bus 0000:00: resource 7 [mem 0xcfa00000-0xfeafffff]
pci_bus 0000:00: resource 8 [mem 0xfed40000-0xfed44fff]
pci_bus 0000:02: resource 0 [io  0x2000-0x2fff]
pci_bus 0000:02: resource 1 [mem 0xe1000000-0xe19fffff]
pci_bus 0000:02: resource 2 [mem 0xe0000000-0xe09fffff 64bit pref]
pci_bus 0000:03: resource 4 [io  0x0000-0x0cf7]
pci_bus 0000:03: resource 5 [io  0x0d00-0xffff]
pci_bus 0000:03: resource 6 [mem 0x000a0000-0x000bffff]
pci_bus 0000:03: resource 7 [mem 0xcfa00000-0xfeafffff]
pci_bus 0000:03: resource 8 [mem 0xfed40000-0xfed44fff]
NET: Registered protocol family 2
IP route cache hash table entries: 32768 (order: 5, 131072 bytes)
TCP established hash table entries: 131072 (order: 8, 1048576 bytes)
TCP bind hash table entries: 65536 (order: 7, 524288 bytes)
TCP: Hash tables configured (established 131072 bind 65536)
TCP reno registered
UDP hash table entries: 512 (order: 2, 16384 bytes)
UDP-Lite hash table entries: 512 (order: 2, 16384 bytes)
NET: Registered protocol family 1
pci 0000:00:02.0: Boot video device
pci 0000:00:1a.0: PCI INT A -> GSI 16 (level, low) -> IRQ 16
pci 0000:00:1a.0: PCI INT A disabled
pci 0000:00:1d.0: PCI INT A -> GSI 17 (level, low) -> IRQ 17
pci 0000:00:1d.0: PCI INT A disabled
PCI: CLS 64 bytes, default 64
DMAR: Host address width 36
DMAR: DRHD base: 0x000000fed90000 flags: 0x0
IOMMU 0: reg_base_addr fed90000 ver 1:0 cap c0000020e60262 ecap f0101a
DMAR: DRHD base: 0x000000fed91000 flags: 0x1
IOMMU 1: reg_base_addr fed91000 ver 1:0 cap c9008020660262 ecap f0105a
DMAR: RMRR base: 0x000000cadc6000 end: 0x000000cadd5fff
DMAR: RMRR base: 0x000000cb800000 end: 0x000000cf9fffff
Simple Boot Flag at 0xf3 set to 0x1
audit: initializing netlink socket (disabled)
type=2000 audit(1464117346.584:1): initialized
highmem bounce pool size: 64 pages
HugeTLB registered 4 MB page size, pre-allocated 0 pages
VFS: Disk quotas dquot_6.5.2
Dquot-cache hash table entries: 1024 (order 0, 4096 bytes)
fuse init (API version 7.17)
msgmni has been set to 1453
Block layer SCSI generic (bsg) driver version 0.4 loaded (major 253)
io scheduler noop registered
io scheduler deadline registered
io scheduler cfq registered (default)
pci_hotplug: PCI Hot Plug PCI Core version: 0.5
pciehp: PCI Express Hot Plug Controller Driver version: 0.4
intel_idle: MWAIT substates: 0x1120
intel_idle: v0.4 model 0x2A
intel_idle: lapic_timer_reliable_states 0xffffffff
input: Power Button as /devices/LNXSYSTM:00/LNXSYBUS:00/PNP0C0C:00/input/input0
ACPI: Power Button [PWRB]
input: Power Button as /devices/LNXSYSTM:00/LNXPWRBN:00/input/input1
ACPI: Power Button [PWRF]
ERST: Table is not found!
GHES: HEST is not enabled!
isapnp: Scanning for PnP cards...
Serial: 8250/16550 driver, 32 ports, IRQ sharing enabled
serial8250: ttyS0 at I/O 0x3f8 (irq = 4) is a 16550A
isapnp: No Plug & Play device found
Refined TSC clocksource calibration: 3392.293 MHz.
Switching to clocksource tsc
Freeing initrd memory: 111640k freed
00:09: ttyS0 at I/O 0x3f8 (irq = 4) is a 16550A
serial 0000:00:16.3: PCI INT B -> GSI 17 (level, low) -> IRQ 17
0000:00:16.3: ttyS4 at I/O 0x30e0 (irq = 17) is a 16550A
Linux agpgart interface v0.103
agpgart-intel 0000:00:00.0: Intel Sandybridge Chipset
agpgart-intel 0000:00:00.0: detected gtt size: 2097152K total, 262144K mappable
agpgart-intel 0000:00:00.0: detected 65536K stolen memory
agpgart-intel 0000:00:00.0: AGP aperture is 256M @ 0xd0000000
brd: module loaded
loop: module loaded
ahci 0000:00:1f.2: version 3.0
ahci 0000:00:1f.2: PCI INT C -> GSI 18 (level, low) -> IRQ 18
ahci 0000:00:1f.2: irq 40 for MSI/MSI-X
ahci 0000:00:1f.2: controller can't do SNTF, turning off CAP_SNTF
ahci 0000:00:1f.2: AHCI 0001.0300 32 slots 6 ports 6 Gbps 0x3 impl RAID mode
ahci 0000:00:1f.2: flags: 64bit ncq pm led clo pio slum part ems apst 
ahci 0000:00:1f.2: setting latency timer to 64
scsi0 : ahci
scsi1 : ahci
scsi2 : ahci
scsi3 : ahci
scsi4 : ahci
scsi5 : ahci
ata1: SATA max UDMA/133 abar m2048@0xe1a40000 port 0xe1a40100 irq 40
ata2: SATA max UDMA/133 abar m2048@0xe1a40000 port 0xe1a40180 irq 40
ata3: DUMMY
ata4: DUMMY
ata5: DUMMY
ata6: DUMMY
Fixed MDIO Bus: probed
tun: Universal TUN/TAP device driver, 1.6
tun: (C) 1999-2004 Max Krasnyansky <maxk@qualcomm.com>
PPP generic driver version 2.4.2
ehci_hcd: USB 2.0 'Enhanced' Host Controller (EHCI) Driver
ehci_hcd 0000:00:1a.0: PCI INT A -> GSI 16 (level, low) -> IRQ 16
ehci_hcd 0000:00:1a.0: setting latency timer to 64
ehci_hcd 0000:00:1a.0: EHCI Host Controller
ehci_hcd 0000:00:1a.0: new USB bus registered, assigned bus number 1
ehci_hcd 0000:00:1a.0: debug port 2
ehci_hcd 0000:00:1a.0: cache line size of 64 is not supported
ehci_hcd 0000:00:1a.0: irq 16, io mem 0xe1a70000
ehci_hcd 0000:00:1a.0: USB 2.0 started, EHCI 1.00
hub 1-0:1.0: USB hub found
hub 1-0:1.0: 3 ports detected
ehci_hcd 0000:00:1d.0: PCI INT A -> GSI 17 (level, low) -> IRQ 17
ehci_hcd 0000:00:1d.0: setting latency timer to 64
ehci_hcd 0000:00:1d.0: EHCI Host Controller
ehci_hcd 0000:00:1d.0: new USB bus registered, assigned bus number 2
ehci_hcd 0000:00:1d.0: debug port 2
ehci_hcd 0000:00:1d.0: cache line size of 64 is not supported
ehci_hcd 0000:00:1d.0: irq 17, io mem 0xe1a50000
ehci_hcd 0000:00:1d.0: USB 2.0 started, EHCI 1.00
hub 2-0:1.0: USB hub found
hub 2-0:1.0: 3 ports detected
ohci_hcd: USB 1.1 'Open' Host Controller (OHCI) Driver
uhci_hcd: USB Universal Host Controller Interface driver
usbcore: registered new interface driver libusual
i8042: PNP: PS/2 Controller [PNP0303:PS2K] at 0x60,0x64 irq 1
i8042: PNP: PS/2 appears to have AUX port disabled, if this is incorrect please boot with i8042.nopnp
serio: i8042 KBD port at 0x60,0x64 irq 1
mousedev: PS/2 mouse device common for all mice
rtc_cmos 00:06: RTC can wake from S4
rtc_cmos 00:06: rtc core: registered rtc_cmos as rtc0
rtc0: alarms up to one year, y3k, 242 bytes nvram, hpet irqs
device-mapper: uevent: version 1.0.3
device-mapper: ioctl: 4.22.0-ioctl (2011-10-19) initialised: dm-devel@redhat.com
EISA: Probing bus 0 at eisa.0
EISA: Cannot allocate resource for mainboard
Cannot allocate resource for EISA slot 1
Cannot allocate resource for EISA slot 2
Cannot allocate resource for EISA slot 3
Cannot allocate resource for EISA slot 4
Cannot allocate resource for EISA slot 5
Cannot allocate resource for EISA slot 6
Cannot allocate resource for EISA slot 7
Cannot allocate resource for EISA slot 8
EISA: Detected 0 cards.
cpufreq-nforce2: No nForce2 chipset.
cpuidle: using governor ladder
cpuidle: using governor menu
EFI Variables Facility v0.08 2004-May-17
TCP cubic registered
NET: Registered protocol family 10
NET: Registered protocol family 17
Registering the dns_resolver key type
Using IPI No-Shortcut mode
PM: Hibernation image not present or could not be loaded.
registered taskstats version 1
  Magic number: 0:533:294
ata_device dev2.0: hash matches
 dev2.0: hash matches
misc hpet: hash matches
tty tty27: hash matches
rtc_cmos 00:06: setting system clock to 2016-05-24 19:15:49 UTC (1464117349)
BIOS EDD facility v0.16 2004-Jun-25, 0 devices found
EDD information not available.
input: AT Translated Set 2 keyboard as /devices/platform/i8042/serio0/input/input2
ata1: SATA link up 3.0 Gbps (SStatus 123 SControl 300)
ata2: SATA link up 1.5 Gbps (SStatus 113 SControl 300)
ata2.00: ATAPI: HL-DT-ST DVD-ROM DH40N, A100, max UDMA/100
ata2.00: configured for UDMA/100
ata1.00: ATA-8: ST9500420AS, D005SDM1, max UDMA/133
ata1.00: 976773168 sectors, multi 16: LBA48 NCQ (depth 31/32)
ata1.00: configured for UDMA/133
scsi 0:0:0:0: Direct-Access     ATA      ST9500420AS      D005 PQ: 0 ANSI: 5
sd 0:0:0:0: [sda] 976773168 512-byte logical blocks: (500 GB/465 GiB)
sd 0:0:0:0: [sda] Write Protect is off
sd 0:0:0:0: [sda] Mode Sense: 00 3a 00 00
sd 0:0:0:0: Attached scsi generic sg0 type 0
sd 0:0:0:0: [sda] Write cache: enabled, read cache: enabled, doesn't support DPO or FUA
scsi 1:0:0:0: CD-ROM            HL-DT-ST DVD-ROM DH40N    A100 PQ: 0 ANSI: 5
sr0: scsi3-mmc drive: 12x/48x cd/rw xa/form2 cdda tray
cdrom: Uniform CD-ROM driver Revision: 3.20
sr 1:0:0:0: Attached scsi CD-ROM sr0
sr 1:0:0:0: Attached scsi generic sg1 type 5
usb 1-1: new high-speed USB device number 2 using ehci_hcd
 sda: sda1 sda2 sda3 sda4 < sda5 sda6 sda7 sda8 sda9 sda10 sda11 >
sd 0:0:0:0: [sda] Attached SCSI disk
Freeing unused kernel memory: 716k freed
Write protecting the kernel text: 5596k
Write protecting the kernel read-only data: 2268k
udevd[107]: starting version 175
hub 1-1:1.0: USB hub found
hub 1-1:1.0: 6 ports detected
e1000e: Intel(R) PRO/1000 Network Driver - 1.5.1-k
e1000e: Copyright(c) 1999 - 2011 Intel Corporation.
e1000e 0000:00:19.0: PCI INT A -> GSI 20 (level, low) -> IRQ 20
e1000e 0000:00:19.0: setting latency timer to 64
e1000e 0000:00:19.0: irq 41 for MSI/MSI-X
usb 2-1: new high-speed USB device number 2 using ehci_hcd
e1000e 0000:00:19.0: eth0: (PCI Express:2.5GT/s:Width x1) 18:03:73:c2:e8:96
e1000e 0000:00:19.0: eth0: Intel(R) PRO/1000 Network Connection
e1000e 0000:00:19.0: eth0: MAC: 10, PHY: 11, PBA No: E041FF-0FF
hub 2-1:1.0: USB hub found
hub 2-1:1.0: 8 ports detected
usb 1-1.4: new low-speed USB device number 3 using ehci_hcd
input: Kensington Pilot Laser Wireless Desktop Pro as /devices/pci0000:00/0000:00:1a.0/usb1/1-1/1-1.4/1-1.4:1.0/input/input3
generic-usb 0003:047D:2030.0001: input,hidraw0: USB HID v1.00 Keyboard [Kensington Pilot Laser Wireless Desktop Pro] on usb-0000:00:1a.0-1.4/input0
input: Kensington Pilot Laser Wireless Desktop Pro as /devices/pci0000:00/0000:00:1a.0/usb1/1-1/1-1.4/1-1.4:1.1/input/input4
generic-usb 0003:047D:2030.0002: input,hidraw1: USB HID v1.00 Mouse [Kensington Pilot Laser Wireless Desktop Pro] on usb-0000:00:1a.0-1.4/input1
usbcore: registered new interface driver usbhid
usbhid: USB HID core driver
EXT4-fs (sda11): INFO: recovery required on readonly filesystem
EXT4-fs (sda11): write access will be enabled during recovery
EXT4-fs (sda11): recovery complete
EXT4-fs (sda11): mounted filesystem with ordered data mode. Opts: (null)
ADDRCONF(NETDEV_UP): eth0: link is not ready
udevd[369]: starting version 175
Adding 3994620k swap on /dev/sda6.  Priority:-1 extents:1 across:3994620k 
type=1400 audit(1464088567.601:2): apparmor="STATUS" operation="profile_load" name="/sbin/dhclient" pid=493 comm="apparmor_parser"
type=1400 audit(1464088567.601:3): apparmor="STATUS" operation="profile_replace" name="/sbin/dhclient" pid=550 comm="apparmor_parser"
type=1400 audit(1464088567.601:4): apparmor="STATUS" operation="profile_load" name="/usr/lib/NetworkManager/nm-dhcp-client.action" pid=493 comm="apparmor_parser"
type=1400 audit(1464088567.601:5): apparmor="STATUS" operation="profile_replace" name="/usr/lib/NetworkManager/nm-dhcp-client.action" pid=550 comm="apparmor_parser"
type=1400 audit(1464088567.601:6): apparmor="STATUS" operation="profile_load" name="/usr/lib/connman/scripts/dhclient-script" pid=493 comm="apparmor_parser"
type=1400 audit(1464088567.601:7): apparmor="STATUS" operation="profile_replace" name="/usr/lib/connman/scripts/dhclient-script" pid=550 comm="apparmor_parser"
device-mapper: multipath: version 1.3.2 loaded
mei: module is from the staging directory, the quality is unknown, you have been warned.
mei 0000:00:16.0: PCI INT A -> GSI 16 (level, low) -> IRQ 16
mei 0000:00:16.0: setting latency timer to 64
mei 0000:00:16.0: irq 42 for MSI/MSI-X
dcdbas dcdbas: Dell Systems Management Base Driver (version 5.6.0-3.2)
tpm_tis 00:0a: 1.2 TPM (device-id 0x0, rev-id 78)
lp: driver loaded but no devices found
[drm] Initialized drm 1.1.0 20060810
EXT4-fs (sda11): re-mounted. Opts: errors=remount-ro
i915 0000:00:02.0: PCI INT A -> GSI 16 (level, low) -> IRQ 16
i915 0000:00:02.0: setting latency timer to 64
i915 0000:00:02.0: irq 43 for MSI/MSI-X
[drm] Supports vblank timestamp caching Rev 1 (10.10.2010).
[drm] Driver supports precise vblank timestamp query.
vgaarb: device changed decodes: PCI:0000:00:02.0,olddecodes=io+mem,decodes=io+mem:owns=io+mem
init: failsafe main process (834) killed by TERM signal
type=1400 audit(1464088570.313:8): apparmor="STATUS" operation="profile_load" name="/usr/lib/lightdm/lightdm/lightdm-guest-session-wrapper" pid=921 comm="apparmor_parser"
type=1400 audit(1464088570.317:9): apparmor="STATUS" operation="profile_load" name="/usr/lib/libvirt/virt-aa-helper" pid=925 comm="apparmor_parser"
type=1400 audit(1464088570.317:10): apparmor="STATUS" operation="profile_replace" name="/sbin/dhclient" pid=922 comm="apparmor_parser"
type=1400 audit(1464088570.317:11): apparmor="STATUS" operation="profile_replace" name="/usr/lib/NetworkManager/nm-dhcp-client.action" pid=922 comm="apparmor_parser"
ppdev: user-space parallel port driver
fbcon: inteldrmfb (fb0) is primary device
Console: switching to colour frame buffer device 160x64
fb0: inteldrmfb frame buffer device
drm: registered panic notifier
acpi device:01: registered as cooling_device4
input: Video Bus as /devices/LNXSYSTM:00/LNXSYBUS:00/PNP0A08:00/LNXVIDEO:00/input/input5
ACPI: Video Device [GFX0] (multi-head: yes  rom: no  post: no)
[drm] Initialized i915 1.6.0 20080730 for 0000:00:02.0 on minor 0
snd_hda_intel 0000:00:1b.0: PCI INT A -> GSI 22 (level, low) -> IRQ 22
snd_hda_intel 0000:00:1b.0: irq 44 for MSI/MSI-X
snd_hda_intel 0000:00:1b.0: setting latency timer to 64
e1000e 0000:00:19.0: irq 41 for MSI/MSI-X
parport0: PC-style at 0x378 (0x778)
e1000e 0000:00:19.0: irq 41 for MSI/MSI-X
ADDRCONF(NETDEV_UP): eth0: link is not ready
ADDRCONF(NETDEV_UP): eth0: link is not ready
init: alsa-restore main process (981) terminated with status 19
 [PCSPP,TRISTATE]
parport0: irq 7 detected
lp0: using parport0 (polling).
Bluetooth: Core ver 2.16
NET: Registered protocol family 31
Bluetooth: HCI device and connection manager initialized
Bluetooth: HCI socket layer initialized
Bluetooth: L2CAP socket layer initialized
Bluetooth: SCO socket layer initialized
Bluetooth: RFCOMM TTY layer initialized
Bluetooth: RFCOMM socket layer initialized
Bluetooth: RFCOMM ver 1.11
Bluetooth: BNEP (Ethernet Emulation) ver 1.3
Bluetooth: BNEP filters: protocol multicast
hda_codec: ALC269: SKU not ready 0x411111f0
Bridge firewalling registered
HDMI status: Codec=3 Pin=6 Presence_Detect=0 ELD_Valid=0
input: HDA Intel PCH HDMI/DP,pcm=3 as /devices/pci0000:00/0000:00:1b.0/sound/card0/input6
input: HDA Intel PCH Rear Mic as /devices/pci0000:00/0000:00:1b.0/sound/card0/input7
input: HDA Intel PCH Front Mic as /devices/pci0000:00/0000:00:1b.0/sound/card0/input8
input: HDA Intel PCH Front Headphone as /devices/pci0000:00/0000:00:1b.0/sound/card0/input9
input: HDA Intel PCH Line-Out as /devices/pci0000:00/0000:00:1b.0/sound/card0/input10
ip_tables: (C) 2000-2006 Netfilter Core Team
[drm:gen6_sanitize_pm] *ERROR* Power management discrepancy: GEN6_RP_INTERRUPT_LIMITS expected 1b000000, was 12060000
nf_conntrack version 0.5.0 (16384 buckets, 65536 max)
ADDRCONF(NETDEV_UP): virbr0: link is not ready
init: plymouth-stop pre-start process (1353) terminated with status 1
e1000e: eth0 NIC Link is Up 100 Mbps Full Duplex, Flow Control: Rx/Tx
e1000e 0000:00:19.0: eth0: 10/100 speed: disabling TSO
ADDRCONF(NETDEV_CHANGE): eth0: link becomes ready
Ebtables v2.0 registered
ip6_tables: (C) 2000-2006 Netfilter Core Team
EXT4-fs (sda7): warning: maximal mount count reached, running e2fsck is recommended
EXT4-fs (sda7): mounted filesystem with ordered data mode. Opts: (null)
eth0: no IPv6 routers present
audit_printk_skb: 51 callbacks suppressed
type=1400 audit(1464088618.533:29): apparmor="STATUS" operation="profile_load" name="libvirt-f0c2ecc4-f910-2581-46dd-285cd2bd3cd6" pid=2514 comm="apparmor_parser"
device vnet0 entered promiscuous mode
virbr0: topology change detected, propagating
virbr0: port 1(vnet0) entering forwarding state
virbr0: port 1(vnet0) entering forwarding state
ADDRCONF(NETDEV_CHANGE): virbr0: link becomes ready
type=1400 audit(1464088618.905:30): apparmor="DENIED" operation="open" parent=1 profile="libvirt-f0c2ecc4-f910-2581-46dd-285cd2bd3cd6" name="/proc/2530/auxv" pid=2530 comm="kvm" requested_mask="r" denied_mask="r" fsuid=117 ouid=117
------------[ cut here ]------------
WARNING: at arch/x86/kvm/i8254.c:440 kvm_pit_load_count+0x7e/0x90 [kvm]()
Hardware name: OptiPlex 990
Modules linked in: kvm_intel(O) kvm(O) ip6table_filter ip6_tables ebtable_nat ebtables ipt_MASQUERADE iptable_nat nf_nat nf_conntrack_ipv4 nf_defrag_ipv4 xt_state nf_conntrack ipt_REJECT xt_CHECKSUM iptable_mangle xt_tcpudp iptable_filter ip_tables x_tables snd_hda_codec_hdmi bridge snd_hda_codec_realtek bnep rfcomm bluetooth stp parport_pc ppdev binfmt_misc snd_hda_intel snd_hda_codec snd_hwdep snd_pcm i915 snd_seq_midi snd_rawmidi drm_kms_helper drm snd_seq_midi_event snd_seq snd_seq_device snd_timer snd soundcore snd_page_alloc tpm_tis dcdbas mei(C) lp parport i2c_algo_bit video dm_multipath mac_hid usbhid hid e1000e [last unloaded: kvm]
Pid: 2531, comm: kvm Tainted: G         C O 3.2.79 #5
Call Trace:
 [<c1564f34>] ? printk+0x2d/0x2f
 [<c104b0b2>] warn_slowpath_common+0x72/0xa0
 [<f8f52afe>] ? kvm_pit_load_count+0x7e/0x90 [kvm]
 [<f8f52afe>] ? kvm_pit_load_count+0x7e/0x90 [kvm]
 [<c104b102>] warn_slowpath_null+0x22/0x30
 [<f8f52afe>] kvm_pit_load_count+0x7e/0x90 [kvm]
 [<f8f38801>] kvm_arch_vm_ioctl+0x561/0xb40 [kvm]
 [<f8f4d9fb>] ? x86_emulate_insn+0x14b/0x1370 [kvm]
 [<f8f36e5f>] ? kvm_arch_vcpu_load+0x5f/0x190 [kvm]
 [<f8c69bb5>] ? __vmx_load_host_state.part.26+0x95/0xa0 [kvm_intel]
 [<f8f270de>] ? kvm_vcpu_ioctl+0x13e/0xbd0 [kvm]
 [<f8f252d9>] kvm_vm_ioctl+0xc9/0x3e0 [kvm]
 [<c107db74>] ? get_futex_key+0x124/0x270
 [<c1043d0f>] ? wake_up_state+0xf/0x20
 [<c156e20d>] ? _raw_spin_lock+0xd/0x10
 [<c107e146>] ? futex_wake+0xf6/0x110
 [<c107f62a>] ? do_futex+0x2aa/0x930
 [<f8f25210>] ? kvm_vm_ioctl_set_memory_region+0x20/0x20 [kvm]
 [<c1143d96>] do_vfs_ioctl+0x86/0x5b0
 [<c1073e7b>] ? ktime_get_ts+0xeb/0x120
 [<c114432f>] sys_ioctl+0x6f/0x80
 [<c156e5e4>] syscall_call+0x7/0x7
 [<c1560000>] ? timer_cpu_notify+0xf2/0x207
---[ end trace 6cb52b8665143ca2 ]---
------------[ cut here ]------------
WARNING: at arch/x86/kvm/i8254.c:440 kvm_pit_load_count+0x7e/0x90 [kvm]()
Hardware name: OptiPlex 990
Modules linked in: kvm_intel(O) kvm(O) ip6table_filter ip6_tables ebtable_nat ebtables ipt_MASQUERADE iptable_nat nf_nat nf_conntrack_ipv4 nf_defrag_ipv4 xt_state nf_conntrack ipt_REJECT xt_CHECKSUM iptable_mangle xt_tcpudp iptable_filter ip_tables x_tables snd_hda_codec_hdmi bridge snd_hda_codec_realtek bnep rfcomm bluetooth stp parport_pc ppdev binfmt_misc snd_hda_intel snd_hda_codec snd_hwdep snd_pcm i915 snd_seq_midi snd_rawmidi drm_kms_helper drm snd_seq_midi_event snd_seq snd_seq_device snd_timer snd soundcore snd_page_alloc tpm_tis dcdbas mei(C) lp parport i2c_algo_bit video dm_multipath mac_hid usbhid hid e1000e [last unloaded: kvm]
Pid: 2531, comm: kvm Tainted: G        WC O 3.2.79 #5
Call Trace:
 [<c1564f34>] ? printk+0x2d/0x2f
 [<c104b0b2>] warn_slowpath_common+0x72/0xa0
 [<f8f52afe>] ? kvm_pit_load_count+0x7e/0x90 [kvm]
 [<f8f52afe>] ? kvm_pit_load_count+0x7e/0x90 [kvm]
 [<c104b102>] warn_slowpath_null+0x22/0x30
 [<f8f52afe>] kvm_pit_load_count+0x7e/0x90 [kvm]
 [<f8f38801>] kvm_arch_vm_ioctl+0x561/0xb40 [kvm]
 [<f8f4d9fb>] ? x86_emulate_insn+0x14b/0x1370 [kvm]
 [<f8f36e5f>] ? kvm_arch_vcpu_load+0x5f/0x190 [kvm]
 [<f8c69bb5>] ? __vmx_load_host_state.part.26+0x95/0xa0 [kvm_intel]
 [<f8f270de>] ? kvm_vcpu_ioctl+0x13e/0xbd0 [kvm]
 [<f8f252d9>] kvm_vm_ioctl+0xc9/0x3e0 [kvm]
 [<c107db74>] ? get_futex_key+0x124/0x270
 [<c1043d0f>] ? wake_up_state+0xf/0x20
 [<c156e20d>] ? _raw_spin_lock+0xd/0x10
 [<c107e146>] ? futex_wake+0xf6/0x110
 [<c107f62a>] ? do_futex+0x2aa/0x930
 [<f8f25210>] ? kvm_vm_ioctl_set_memory_region+0x20/0x20 [kvm]
 [<c1143d96>] do_vfs_ioctl+0x86/0x5b0
 [<c1073e7b>] ? ktime_get_ts+0xeb/0x120
 [<c114432f>] sys_ioctl+0x6f/0x80
 [<c156e5e4>] syscall_call+0x7/0x7
 [<c1560000>] ? timer_cpu_notify+0xf2/0x207
---[ end trace 6cb52b8665143ca3 ]---
vnet0: no IPv6 routers present
setup cycles: 245868010
load cycles: 67012216 i: 0
imee called ... AEB0
setup cycles: 978400700
load cycles: 254031792 i: 0
imee called ... AEB0
setup cycles: 415034520
load cycles: 203736996 i: 0
imee called ... AEB0
setup cycles: 987760796
load cycles: 810126136 i: 0
imee called ... AEB0
setup cycles: 613865200
load cycles: 1579627112 i: 0
imee called ... AEB0
setup cycles: 720840116
load cycles: 121130028 i: 0
imee called ... AEB0
[drm:gen6_sanitize_pm] *ERROR* Power management discrepancy: GEN6_RP_INTERRUPT_LIMITS expected 00110000, was 1b000000
setup cycles: 789636420
load cycles: 301819260 i: 0
imee called ... AEB0
setup cycles: 1902286060
load cycles: 643211744 i: 0
imee called ... AEB0
setup cycles: 40198132
load cycles: 31182456 i: 0
imee called ... AEB0
setup cycles: 653915060
load cycles: 410542856 i: 0
imee called ... AEB0
setup cycles: 1019669232
load cycles: 559119232 i: 0
imee called ... AEB0
setup cycles: 1552081436
load cycles: 827108228 i: 0
imee called ... AEB0
setup cycles: 734357528
load cycles: 206120316 i: 0
imee called ... AEB0
setup cycles: 1399396104
load cycles: 209202264 i: 0
imee called ... AEB0
setup cycles: 700572344
load cycles: 540111988 i: 0
imee called ... AEB0
setup cycles: 1127900424
load cycles: 214836212 i: 0
imee called ... AEB0
setup cycles: 177920936
load cycles: 276763776 i: 0
imee called ... AEB0
setup cycles: 522946256
load cycles: 175263452 i: 0
imee called ... AEB0
setup cycles: 505999064
load cycles: 641578304 i: 0
imee called ... AEB0
setup cycles: 395159224
load cycles: 559449944 i: 0
imee called ... AEB0
